{"streams":[{"stream":{"App":"test"},"values":[["<unixepochinnanoseconds>","{\u0022Message\u0022:\u0022Hello \\\u0022not test\\\u0022\u0022,\u0022App\u0022:\u0022not test\u0022,\u0022level\u0022:\u0022info\u0022}"]]}]}